---
source: indexer/tests/suins_data_tests.rs
expression: rows
---
[
  {
    "name": "leaf.test.sui",
    "parent": "test.sui",
    "expiration_timestamp_ms": 0,
    "nft_id": "0xa4891f3754b203ef230a5e2a08822c835c808eab71e2bc6ca33a73cec9728376",
    "field_id": "0x1f79de658fd87e7746ab672f018a06d1c7b4b9045a97323c140c34e6f072733e",
    "target_address": "0x0000000000000000000000000000000000000000000000000000000000000002",
    "data": {
      "contents": []
    },
    "last_checkpoint_updated": 22279187,
    "subdomain_wrapper_id": null
  },
  {
    "name": "test.sui",
    "parent": "sui",
    "expiration_timestamp_ms": 1737739567137,
    "nft_id": "0xa4891f3754b203ef230a5e2a08822c835c808eab71e2bc6ca33a73cec9728376",
    "field_id": "0x68dab6c226642aaf11f410b1784538ec2b7a836479742f853ea58ef136d16be3",
    "target_address": "0xfe09cf0b3d77678b99250572624bf74fe3b12af915c5db95f0ed5d755612eb68",
    "data": {
      "contents": []
    },
    "last_checkpoint_updated": 22279187,
    "subdomain_wrapper_id": null
  },
  {
    "name": "node.test.sui",
    "parent": "test.sui",
    "expiration_timestamp_ms": 1706213544456,
    "nft_id": "0x1c62ec0f5f4bdf9104748bd3f5211d8fe56df5a6540d57af49fd6631ee8178e3",
    "field_id": "0xe88240e3b30cd39bdf112cfec33820bd9a87e84a403ca2d0c9be0da80029080e",
    "target_address": null,
    "data": {
      "contents": []
    },
    "last_checkpoint_updated": 22279187,
    "subdomain_wrapper_id": "0x5fa94f7596779f6816cbca58d25aba4e8df094d428feea304f2a151be6f95422"
  }
]
