---
source: indexer/tests/suins_data_tests.rs
expression: rows
---
[
  {
    "name": "new.test.sui",
    "parent": "test.sui",
    "expiration_timestamp_ms": "1706213544456",
    "nft_id": "0x87f04a4ffa1713e0a7e3a9e5ebf56f0ab24ce0bba87b17eb11a7532cb381bd58",
    "field_id": "0x291b2df93f40d8405de1bbdc014306b2aa4fcd0d2289cebaf49f58128880cf6c",
    "target_address": null,
    "data": {
      "contents": []
    },
    "last_checkpoint_updated": "22279496",
    "subdomain_wrapper_id": "0xa308d8b800a2b65f4b2282bd0bbf11edf2435705905119c45257c21914bff032"
  }
]
